---
source: crates/testing/src/autodiscover.rs
input_file: examples/calc/generated_bindings/Python/pyproject.toml
---
[project]
name = "calc"
version = "x.y.z"
description = "The simplest possible WebAssembly module"
keywords = []
dependencies = ["wasmer", "wasmer_compiler_cranelift"]

[build-system]
requires = ["setuptools", "setuptools-scm"]
build-backend = "setuptools.build_meta"

