---
source: crates/testing/src/autodiscover.rs
input_file: examples/hello-wasi/generated_bindings/JavaScript
---
[
    "generated_bindings/JavaScript/package/node_modules/@wasmer/wasi/dist/Library.cjs.js",
    "generated_bindings/JavaScript/package/node_modules/@wasmer/wasi/dist/Library.cjs.min.js",
    "generated_bindings/JavaScript/package/node_modules/@wasmer/wasi/dist/Library.esm.js",
    "generated_bindings/JavaScript/package/node_modules/@wasmer/wasi/dist/Library.esm.min.js",
    "generated_bindings/JavaScript/package/node_modules/@wasmer/wasi/dist/Library.umd.js",
    "generated_bindings/JavaScript/package/node_modules/@wasmer/wasi/dist/Library.umd.min.js",
    "generated_bindings/JavaScript/package/node_modules/@wasmer/wasi/jest.config.js",
    "generated_bindings/JavaScript/package/node_modules/@wasmer/wasi/tests/index.spec.js",
    "generated_bindings/JavaScript/package/src/bindings/hello-wasi/hello-wasi.js",
    "generated_bindings/JavaScript/package/src/bindings/hello-wasi/intrinsics.js",
    "generated_bindings/JavaScript/package/src/bindings/index.js",
    "generated_bindings/JavaScript/package/src/index.js",
]
