---
source: crates/testing/src/autodiscover.rs
input_file: examples/hello-wasi/generated_bindings/JavaScript/package/src/bindings/index.d.ts
---
// @ts-ignore
import type { WasiConfig } from "@wasmer/wasi";
import { HelloWasi as _HelloWasi } from "./hello-wasi/hello-wasi";

/**
 * Options used when initializing the bindings.
 */
export type LoadOptions = {
    /** Additional imports to be provided to the WebAssembly module */
    imports: WebAssembly.Imports,
    /**
     * A user-specified WebAssembly module to use instead of the one bundled
     * with this package.
     */
    module: WebAssembly.Module,
};
/**
* Extended options used when loading a WASI library.
 */
export type WasiLoadOptions = LoadOptions & {
    /** Configuration used to initialize the WASI environment. */
    wasi: Partial<WasiConfig>,
};

export default class Bindings {
    hello_wasi(options?: Partial<WasiLoadOptions>): Promise<_HelloWasi>;
}
