---
source: crates/testing/src/autodiscover.rs
input_file: examples/hello-wasi/generated_bindings/Python/hello_wasi/bindings/hello_wasi/bindings.py
---
from abc import abstractmethod
from typing import Any, Callable
import wasmer # type: ignore

try:
    from typing import Protocol
except ImportError:
    class Protocol: # type: ignore
        pass

class HelloWasi:
    instance: wasmer.Instance
    _print_hello_wasi: wasmer.Function
    def __init__(self, store: wasmer.Store, imports: dict[str, dict[str, Any]], module: wasmer.Module):
        self.instance = wasmer.Instance(module, imports)
        
        print_hello_wasi = self.instance.exports.__getattribute__('print-hello-wasi')
        assert(isinstance(print_hello_wasi, wasmer.Function))
        self._print_hello_wasi = print_hello_wasi
    def print_hello_wasi(self) -> None:
        self._print_hello_wasi()
        return None

