---
source: crates/wit-pack/src/py/mod.rs
expression: "files[\"wit_pack/__init__.py\"].utf8_contents().unwrap()"
---
'''
Bindings to wasmer/wit-pack v1.2.3.
'''

# Generated with wit-pack v0.4.0.

from wasmer import Store as _Store # type: ignore
from .commands import Commands as _Commands
from .bindings import Bindings as _Bindings

__version__ = "1.2.3"

_store = _Store()
bindings = _Bindings(_store)
commands = _Commands(_store)
