---
source: crates/wit-pack/src/js/mod.rs
expression: contents
---

import fs from "fs/promises";
import path from "path";
import * as url from "url";

export default async function() {
    const wrapper = new WitPack();

    const scriptDir = url.fileURLToPath(new URL('.', import.meta.url));
    const wasm = await fs.readFile(path.join(scriptDir, "wit-pack-wasm.wasm"));

    const imports = {};
    await wrapper.instantiate(wasm, imports);
    return wrapper;
}


