---
source: crates/testing/src/autodiscover.rs
input_file: crates/wasm/generated_bindings/JavaScript/package/src/bindings/index.d.ts
---
// @ts-ignore
import { WasmerPack as _WasmerPack } from "./wasmer-pack/wasmer-pack";

/**
 * Options used when initializing the bindings.
 */
export type LoadOptions = {
    /** Additional imports to be provided to the WebAssembly module */
    imports: WebAssembly.Imports,
    /**
     * A user-specified WebAssembly module to use instead of the one bundled
     * with this package.
     */
    module: WebAssembly.Module,
};

export default class Bindings {
    wasmer_pack(options?: Partial<LoadOptions>): Promise<_WasmerPack>;
}
